gprbuild: there are no non-aggregate projects
gprbuild: there are no non-aggregate projects
gprbuild: there are no non-aggregate projects
