cannot generate code for file bar.ads (package spec)
