gprbuild: no object directory for library project Sql
