<<<
lib2.Q from lib2.gpr
>>>
<<<
lib2.Q from lib4.gpr
>>>
