gprbuild: -p can only be used on the command line
