warning: no compiler specified for language "XML", ignoring all its sources
