no
shared.gpr:9:31: wrong value for Library_Standalone when Library_Interface defined
gprbuild: "shared.gpr" processing failed
standard
full
gprbuild: encapsulated library projects not supported on this platform
