completed 1 out of 2 (50%)...
completed 2 out of 2 (100%)...
