project Output is
   package Language_Processing is
      for Language_Kind            ("Ada") use "unit_based";
      for Compiler_Driver          ("Ada") use "<pwd>/bin/gcc";
      for Compiler_Minimum_Options ("Ada") use ("-c", "-x", "ada", "-gnatA");
      for Mapping_File_Switches    ("Ada") use ("-gnatem=");
      for Mapping_Spec_Suffix      ("Ada") use "%s";
      for Mapping_Body_Suffix      ("Ada") use "%b";
      for Config_File_Switches     ("Ada") use ("-gnatec=");
      for Config_Body_File_Name    ("Ada") use
           "pragma Source_File_Name_Project (%u, Body_File_Name => ""%f"");";
      for Config_Spec_File_Name    ("Ada") use
           "pragma Source_File_Name_Project (%u, Spec_File_Name => ""%f"");";
      for Config_Body_File_Name_Pattern ("Ada") use
           "pragma Source_File_Name_Project " &
           "  (Body_File_Name  => ""*%b""," &
           "   Casing          => %c," &
           "   Dot_Replacement => ""%d"");";
      for Config_Spec_File_Name_Pattern ("Ada") use
           "pragma Source_File_Name_Project " &
           "  (Spec_File_Name  => ""*%s""," &
           "   Casing          => %c," &
           "   Dot_Replacement => ""%d"");";
      for Dependency_File_Kind  ("Ada") use "ALI_File";
      for Config_File_Unique    ("Ada") use "False";
      for Include_Path_File     ("Ada") use "ADA_PRJ_INCLUDE_FILE";
      for Objects_Path_File     ("Ada") use "ADA_PRJ_OBJECTS_FILE";
      for Runtime_Project       ("Ada") use
          "<pwd>/ada_runtime.gpr";
      for Binder_Driver         ("Ada") use
          "..//libexec/gprbuild/gprbind";
      for Toolchain_Version     ("Ada") use "GNAT 5.04";
      for Compiler_PIC_Option      ("Ada") use ("-fPIC");
      for Default_Language use "Ada";
      for Archive_Builder  use ("ar", "cr");
      for Archive_Indexer  use ("ranlib");
      for Archive_Suffix   use ".a";
      for Library_Builder  use "..//libexec/gprbuild/gprlib";
      for Library_Support  use "full";
      for Shared_Library_Prefix use "lib";
      for Symbolic_Link_Supported use "true";
      for Library_Major_Minor_Id_Supported use "true";
      for Shared_Library_Minimum_Options use ("-shared");
      for Library_Version_Options use ("-Wl,-soname,");

      for Shared_Library_Suffix use ".so";
      for Library_Auto_init_Supported use "true";
      for Run_Path_Option  use ("-Wl,-rpath,");
      for Library_Partial_Linker use ("gcc", "-nostdlib", "-Wl,-r", "-o");
   end Language_Processing;
   package Naming is
      for Spec_Suffix ("Ada") use ".ads";
      for Body_Suffix ("Ada") use ".adb";
      for Casing use "lowercase";
      for Dot_Replacement use "-";
   end Naming;
end Output;
