=== 1
Install project Lib
cp prj/lib/libone.so /opt/lib/lib/libone.so
cp prj/lib/pck1.ali /opt/lib/lib/pck1.ali
cp prj/lib/pck2.ali /opt/lib/lib/pck2.ali
cp prj/lib/pck3.ali /opt/lib/lib/pck3.ali
cp prj/src/pck1.ads /opt/include/lib/pck1.ads
cp prj/src/pck2.ads /opt/include/lib/pck2.ads
cp prj/src/pck3-titi.adb /opt/include/lib/pck3-titi.adb
cp prj/src/pck3.adb /opt/include/lib/pck3.adb
cp prj/src/pck3.ads /opt/include/lib/pck3.ads

Project /opt/share/gpr/lib.gpr would be installed

--  This project has been generated by GPRINSTALL

library project Lib is
   type BUILD_KIND is ("default");
   BUILD : BUILD_KIND := external("LIB_BUILD", "default");

   for Languages use ("Ada");

   case BUILD is
      when "default" =>
         for Source_Dirs use ("../../include/lib");
         for Library_Dir use "../../lib/lib";
         for Library_Kind use "relocatable";
   end case;

   for Library_Name use "one";

   package Naming is
      for dot_replacement use "-";
      for casing use "lowercase";

      case BUILD is
         when "default" =>
            for body_suffix ("ada") use ".adb";
            for spec_suffix ("ada") use ".ads";
      end case;
  end Naming;

  package Linker is
      case BUILD is
         when "default" =>
            null;
      end case;
  end Linker;

  package Install is
      for Active use "False";
  end Install;

  for Externally_Built use "True";
end Lib;
=== 2
Install project Libi
cp prj/lib/libone.so /opt/lib/libi/libone.so
cp prj/lib/pck1.ali /opt/lib/libi/pck1.ali
cp prj/lib/pck2.ali /opt/lib/libi/pck2.ali
cp prj/src/pck1.ads /opt/include/libi/pck1.ads
cp prj/src/pck2.ads /opt/include/libi/pck2.ads

Project /opt/share/gpr/libi.gpr would be installed

--  This project has been generated by GPRINSTALL

library project Libi is
   type BUILD_KIND is ("default");
   BUILD : BUILD_KIND := external("LIBI_BUILD", "default");

   for Languages use ("Ada");

   case BUILD is
      when "default" =>
         for Source_Dirs use ("../../include/libi");
         for Library_Dir use "../../lib/libi";
         for Library_Kind use "relocatable";
         for Library_Standalone use "standard";
         for Library_Interface use ("pck2", "pck1");
   end case;

   for Library_Name use "one";

   package Naming is
      for dot_replacement use "-";
      for casing use "lowercase";

      case BUILD is
         when "default" =>
            for body_suffix ("ada") use ".adb";
            for spec_suffix ("ada") use ".ads";
      end case;
  end Naming;

  package Linker is
      case BUILD is
         when "default" =>
            null;
      end case;
  end Linker;

  package Install is
      for Active use "False";
  end Install;

  for Externally_Built use "True";
end Libi;
