Done in Ada
Done in Ada
Done in Ada
Done in Ada
Done in Ada
