no -o
bin/main.dll
-o main.axe
bin/main.axe
-o main
bin/main.dll
