./ada_main
Doing something in C 
./c_main
Done in Ada
