<<<
Hello!
from C : 8
>>>
gprbuild: *** compilation phase failed
