   link of main_5_bad.adb failed
   link of main_8_bad.adb failed
   1 link process
   2 link processes
   3 link processes
   4 link processes
   5 link processes
   6 link processes
   7 link processes
   8 link processes
   7 link processes
   8 link processes
   7 link processes
   8 link processes
   7 link processes
   6 link processes
   5 link processes
   4 link processes
   3 link processes
   2 link processes
   1 link process
   0 link process
