<<<
Common_Root::constructor called
TEST3_ADA_MODEL.OBJECT_TYPE
>>>
