gprbuild: "main" up to date
gprbuild: "main" up to date
