start gprslave
wait for gprslave port
gprslave port found
P1-1
<<<
Hello!
Ada (pck1) : 9
>>>
P2-1
<<<
Hello!
Ada : 8
>>>
P1-2
<<<
Hello!
Ada (pck1) : 9
>>>
P2-2
<<<
Hello!
Ada : 8
>>>
Kill gprslave
