gprbuild: mismatched targets: "x86_64-pc-linux-gnu" in configuration, "toto" specified
gprbuild: mismatched targets: "x86_64-pc-linux-gnu" in configuration, "invalid" specified
