cp prj/lib/libone.so inst/lib/lib/libone.so
cp prj/lib/pck1.ali inst/lib/lib/pck1.ali
cp prj/lib/pck2.ali inst/lib/lib/pck2.ali
cp prj/src/interf.h inst/include/lib/interf.h
cp prj/src/pck1.ads inst/include/lib/pck1.ads
cp prj/src/pck2.ads inst/include/lib/pck2.ads
ln -s inst/lib/libone.so inst/lib/lib/libone.so

--  This project has been generated by GPRINSTALL

library project Lib is
   type BUILD_KIND is ("default");
   BUILD : BUILD_KIND := external("LIB_BUILD", "default");

   for Languages use ("Ada", "C");

   case BUILD is
      when "default" =>
         for Source_Dirs use ("../../include/lib");
         for Library_Dir use "../../lib/lib";
         for Library_Kind use "relocatable";
   end case;

   for Library_Name use "one";

   package Naming is
      for dot_replacement use "-";
      for casing use "lowercase";

      case BUILD is
         when "default" =>
            for body_suffix ("ada") use ".adb";
            for body_suffix ("c") use ".c";
            for spec_suffix ("ada") use ".ads";
            for spec_suffix ("c") use ".h";
      end case;
   end Naming;

   package Linker is
      case BUILD is
         when "default" =>
            null;
      end case;
   end Linker;

   package Install is
      for Active use "False";
   end Install;

   for Externally_Built use "True";
end Lib;

<<<
This is the main
I'm a C routine
>>>
