prj.gpr:1:09: warning: object directory "obj" not found
