p.gpr:4:09: attribute reference not allowed here
gprbuild: "p.gpr" processing failed
