gcc -c main.adb                                                                
gcc -c pkg.ads                                                                 
gprbind main.bexch                                                             
gnatbind main.ali                                                              
gcc -c b__main.adb                                                             
gcc main.o -o main
