<<<
gprinstall pck1
>>>
OK, inst directory found
OK, pck1.ali found
