<<<
OK
>>>
<<<
OK
>>>
<<<
OK
>>>
<<<
OK
>>>
gprbuild: illegal option "--create-map-file=" on the command line
