<<<
Do Y
>>>
obj/b__main.adb
obj/b__main.ads
obj/b__main.ali
obj/b__main.o
obj/main.ali
obj/main.bexch
obj/main.o
---
